
> task-scheduler-backend@1.0.0 build
> tsc

src/__tests__/auth.middleware.test.ts(28,59): error TS2459: Module '"../middleware/auth.middleware"' declares 'JwtPayload' locally, but it is not exported.
src/__tests__/fogComputing.service.test.ts(49,66): error TS2322: Type '{ id: string; name: string; dataSize: number; computationIntensity: number; maxToleranceTime: number; expectedCompletionTime: number; terminalDeviceId: string; priority: number; memoryRequirement?: number | undefined; vramRequirement?: number | undefined; startupOverhead?: number | undefined; }' is not assignable to type 'Task'.
  Types of property 'memoryRequirement' are incompatible.
    Type 'number | undefined' is not assignable to type 'number'.
      Type 'undefined' is not assignable to type 'number'.
src/__tests__/fogComputing.service.test.ts(61,75): error TS2322: Type '{ id: string; name: string; computingResource: number; storageCapacity: number; networkBandwidth: number; currentLoad: number; totalMemory?: number | undefined; totalVram?: number | undefined; baseLatency?: number | undefined; egressCostPerMb?: number | undefined; }' is not assignable to type 'FogNode'.
  Types of property 'totalMemory' are incompatible.
    Type 'number | undefined' is not assignable to type 'number'.
      Type 'undefined' is not assignable to type 'number'.
src/__tests__/fogComputing.service.test.ts(528,83): error TS2322: Type '{ id: string; name: string; computingResource: number; networkBandwidth: number; latencyPenalty: number; costPerUnit: number; baseLatency?: number | undefined; egressCostPerMb?: number | undefined; available: boolean; }' is not assignable to type 'CloudNode'.
  Types of property 'baseLatency' are incompatible.
    Type 'number | undefined' is not assignable to type 'number'.
      Type 'undefined' is not assignable to type 'number'.
src/routes/experiments.routes.ts(181,18): error TS2345: Argument of type '{ id: string; name: string; dataSize: number; computationIntensity: number; maxToleranceTime: number; expectedCompletionTime: number; terminalDeviceId: string; priority: number; }' is not assignable to parameter of type 'Task'.
  Type '{ id: string; name: string; dataSize: number; computationIntensity: number; maxToleranceTime: number; expectedCompletionTime: number; terminalDeviceId: string; priority: number; }' is missing the following properties from type 'Task': memoryRequirement, vramRequirement, startupOverhead
src/routes/fog.routes.ts(60,3): error TS2739: Type '{ id: string; name: string; computingResource: number; storageCapacity: number; networkBandwidth: number; currentLoad: number; }' is missing the following properties from type 'FogNode': totalMemory, totalVram, baseLatency, egressCostPerMb
src/routes/fog.routes.ts(249,9): error TS2739: Type '{ id: string; name: string; dataSize: number; computationIntensity: number; maxToleranceTime: number; expectedCompletionTime: number; terminalDeviceId: string; priority: number; }' is missing the following properties from type 'Task': memoryRequirement, vramRequirement, startupOverhead
src/scripts/benchmark.ts(172,18): error TS2345: Argument of type '{ id: string; name: string; dataSize: number; computationIntensity: number; maxToleranceTime: number; expectedCompletionTime: number; terminalDeviceId: string; priority: number; }' is not assignable to parameter of type 'Task'.
  Type '{ id: string; name: string; dataSize: number; computationIntensity: number; maxToleranceTime: number; expectedCompletionTime: number; terminalDeviceId: string; priority: number; }' is missing the following properties from type 'Task': memoryRequirement, vramRequirement, startupOverhead
src/scripts/demo-data.ts(35,5): error TS2739: Type '{ id: string; name: string; computingResource: number; storageCapacity: number; networkBandwidth: number; currentLoad: number; }' is missing the following properties from type 'FogNode': totalMemory, totalVram, baseLatency, egressCostPerMb
src/scripts/demo-data.ts(36,5): error TS2739: Type '{ id: string; name: string; computingResource: number; storageCapacity: number; networkBandwidth: number; currentLoad: number; }' is missing the following properties from type 'FogNode': totalMemory, totalVram, baseLatency, egressCostPerMb
src/scripts/demo-data.ts(37,5): error TS2739: Type '{ id: string; name: string; computingResource: number; storageCapacity: number; networkBandwidth: number; currentLoad: number; }' is missing the following properties from type 'FogNode': totalMemory, totalVram, baseLatency, egressCostPerMb
src/scripts/demo-data.ts(38,5): error TS2739: Type '{ id: string; name: string; computingResource: number; storageCapacity: number; networkBandwidth: number; currentLoad: number; }' is missing the following properties from type 'FogNode': totalMemory, totalVram, baseLatency, egressCostPerMb
src/scripts/demo-data.ts(39,5): error TS2739: Type '{ id: string; name: string; computingResource: number; storageCapacity: number; networkBandwidth: number; currentLoad: number; }' is missing the following properties from type 'FogNode': totalMemory, totalVram, baseLatency, egressCostPerMb
src/scripts/demo-data.ts(54,5): error TS2739: Type '{ id: string; name: string; dataSize: number; computationIntensity: number; maxToleranceTime: number; expectedCompletionTime: number; terminalDeviceId: string; priority: number; }' is missing the following properties from type 'Task': memoryRequirement, vramRequirement, startupOverhead
src/scripts/demo-data.ts(55,5): error TS2739: Type '{ id: string; name: string; dataSize: number; computationIntensity: number; maxToleranceTime: number; expectedCompletionTime: number; terminalDeviceId: string; priority: number; }' is missing the following properties from type 'Task': memoryRequirement, vramRequirement, startupOverhead
src/scripts/demo-data.ts(56,5): error TS2739: Type '{ id: string; name: string; dataSize: number; computationIntensity: number; maxToleranceTime: number; expectedCompletionTime: number; terminalDeviceId: string; priority: number; }' is missing the following properties from type 'Task': memoryRequirement, vramRequirement, startupOverhead
src/scripts/demo-data.ts(57,5): error TS2739: Type '{ id: string; name: string; dataSize: number; computationIntensity: number; maxToleranceTime: number; expectedCompletionTime: number; terminalDeviceId: string; priority: number; }' is missing the following properties from type 'Task': memoryRequirement, vramRequirement, startupOverhead
src/scripts/demo-data.ts(58,5): error TS2739: Type '{ id: string; name: string; dataSize: number; computationIntensity: number; maxToleranceTime: number; expectedCompletionTime: number; terminalDeviceId: string; priority: number; }' is missing the following properties from type 'Task': memoryRequirement, vramRequirement, startupOverhead
src/scripts/demo-data.ts(59,5): error TS2739: Type '{ id: string; name: string; dataSize: number; computationIntensity: number; maxToleranceTime: number; expectedCompletionTime: number; terminalDeviceId: string; priority: number; }' is missing the following properties from type 'Task': memoryRequirement, vramRequirement, startupOverhead
src/scripts/demo-data.ts(60,5): error TS2739: Type '{ id: string; name: string; dataSize: number; computationIntensity: number; maxToleranceTime: number; expectedCompletionTime: number; terminalDeviceId: string; priority: number; }' is missing the following properties from type 'Task': memoryRequirement, vramRequirement, startupOverhead
src/scripts/demo-data.ts(61,5): error TS2739: Type '{ id: string; name: string; dataSize: number; computationIntensity: number; maxToleranceTime: number; expectedCompletionTime: number; terminalDeviceId: string; priority: number; }' is missing the following properties from type 'Task': memoryRequirement, vramRequirement, startupOverhead
src/scripts/demo-data.ts(62,5): error TS2739: Type '{ id: string; name: string; dataSize: number; computationIntensity: number; maxToleranceTime: number; expectedCompletionTime: number; terminalDeviceId: string; priority: number; }' is missing the following properties from type 'Task': memoryRequirement, vramRequirement, startupOverhead
src/scripts/demo-data.ts(63,5): error TS2739: Type '{ id: string; name: string; dataSize: number; computationIntensity: number; maxToleranceTime: number; expectedCompletionTime: number; terminalDeviceId: string; priority: number; }' is missing the following properties from type 'Task': memoryRequirement, vramRequirement, startupOverhead
src/scripts/demo-data.ts(81,5): error TS2739: Type '{ id: string; name: string; computingResource: number; storageCapacity: number; networkBandwidth: number; currentLoad: number; }' is missing the following properties from type 'FogNode': totalMemory, totalVram, baseLatency, egressCostPerMb
src/scripts/demo-data.ts(82,5): error TS2739: Type '{ id: string; name: string; computingResource: number; storageCapacity: number; networkBandwidth: number; currentLoad: number; }' is missing the following properties from type 'FogNode': totalMemory, totalVram, baseLatency, egressCostPerMb
src/scripts/demo-data.ts(83,5): error TS2739: Type '{ id: string; name: string; computingResource: number; storageCapacity: number; networkBandwidth: number; currentLoad: number; }' is missing the following properties from type 'FogNode': totalMemory, totalVram, baseLatency, egressCostPerMb
src/scripts/demo-data.ts(84,5): error TS2739: Type '{ id: string; name: string; computingResource: number; storageCapacity: number; networkBandwidth: number; currentLoad: number; }' is missing the following properties from type 'FogNode': totalMemory, totalVram, baseLatency, egressCostPerMb
src/scripts/demo-data.ts(85,5): error TS2739: Type '{ id: string; name: string; computingResource: number; storageCapacity: number; networkBandwidth: number; currentLoad: number; }' is missing the following properties from type 'FogNode': totalMemory, totalVram, baseLatency, egressCostPerMb
src/scripts/demo-data.ts(98,5): error TS2739: Type '{ id: string; name: string; dataSize: number; computationIntensity: number; maxToleranceTime: number; expectedCompletionTime: number; terminalDeviceId: string; priority: number; }' is missing the following properties from type 'Task': memoryRequirement, vramRequirement, startupOverhead
src/scripts/demo-data.ts(99,5): error TS2739: Type '{ id: string; name: string; dataSize: number; computationIntensity: number; maxToleranceTime: number; expectedCompletionTime: number; terminalDeviceId: string; priority: number; }' is missing the following properties from type 'Task': memoryRequirement, vramRequirement, startupOverhead
src/scripts/demo-data.ts(100,5): error TS2739: Type '{ id: string; name: string; dataSize: number; computationIntensity: number; maxToleranceTime: number; expectedCompletionTime: number; terminalDeviceId: string; priority: number; }' is missing the following properties from type 'Task': memoryRequirement, vramRequirement, startupOverhead
src/scripts/demo-data.ts(101,5): error TS2739: Type '{ id: string; name: string; dataSize: number; computationIntensity: number; maxToleranceTime: number; expectedCompletionTime: number; terminalDeviceId: string; priority: number; }' is missing the following properties from type 'Task': memoryRequirement, vramRequirement, startupOverhead
src/scripts/demo-data.ts(102,5): error TS2739: Type '{ id: string; name: string; dataSize: number; computationIntensity: number; maxToleranceTime: number; expectedCompletionTime: number; terminalDeviceId: string; priority: number; }' is missing the following properties from type 'Task': memoryRequirement, vramRequirement, startupOverhead
src/scripts/demo-data.ts(103,5): error TS2739: Type '{ id: string; name: string; dataSize: number; computationIntensity: number; maxToleranceTime: number; expectedCompletionTime: number; terminalDeviceId: string; priority: number; }' is missing the following properties from type 'Task': memoryRequirement, vramRequirement, startupOverhead
src/scripts/demo-data.ts(121,5): error TS2739: Type '{ id: string; name: string; computingResource: number; storageCapacity: number; networkBandwidth: number; currentLoad: number; }' is missing the following properties from type 'FogNode': totalMemory, totalVram, baseLatency, egressCostPerMb
src/scripts/demo-data.ts(122,5): error TS2739: Type '{ id: string; name: string; computingResource: number; storageCapacity: number; networkBandwidth: number; currentLoad: number; }' is missing the following properties from type 'FogNode': totalMemory, totalVram, baseLatency, egressCostPerMb
src/scripts/demo-data.ts(123,5): error TS2739: Type '{ id: string; name: string; computingResource: number; storageCapacity: number; networkBandwidth: number; currentLoad: number; }' is missing the following properties from type 'FogNode': totalMemory, totalVram, baseLatency, egressCostPerMb
src/scripts/demo-data.ts(124,5): error TS2739: Type '{ id: string; name: string; computingResource: number; storageCapacity: number; networkBandwidth: number; currentLoad: number; }' is missing the following properties from type 'FogNode': totalMemory, totalVram, baseLatency, egressCostPerMb
src/scripts/demo-data.ts(125,5): error TS2739: Type '{ id: string; name: string; computingResource: number; storageCapacity: number; networkBandwidth: number; currentLoad: number; }' is missing the following properties from type 'FogNode': totalMemory, totalVram, baseLatency, egressCostPerMb
src/scripts/demo-data.ts(137,5): error TS2739: Type '{ id: string; name: string; dataSize: number; computationIntensity: number; maxToleranceTime: number; expectedCompletionTime: number; terminalDeviceId: string; priority: number; }' is missing the following properties from type 'Task': memoryRequirement, vramRequirement, startupOverhead
src/scripts/demo-data.ts(138,5): error TS2739: Type '{ id: string; name: string; dataSize: number; computationIntensity: number; maxToleranceTime: number; expectedCompletionTime: number; terminalDeviceId: string; priority: number; }' is missing the following properties from type 'Task': memoryRequirement, vramRequirement, startupOverhead
src/scripts/demo-data.ts(139,5): error TS2739: Type '{ id: string; name: string; dataSize: number; computationIntensity: number; maxToleranceTime: number; expectedCompletionTime: number; terminalDeviceId: string; priority: number; }' is missing the following properties from type 'Task': memoryRequirement, vramRequirement, startupOverhead
src/scripts/demo-data.ts(140,5): error TS2739: Type '{ id: string; name: string; dataSize: number; computationIntensity: number; maxToleranceTime: number; expectedCompletionTime: number; terminalDeviceId: string; priority: number; }' is missing the following properties from type 'Task': memoryRequirement, vramRequirement, startupOverhead
src/scripts/demo-data.ts(141,5): error TS2739: Type '{ id: string; name: string; dataSize: number; computationIntensity: number; maxToleranceTime: number; expectedCompletionTime: number; terminalDeviceId: string; priority: number; }' is missing the following properties from type 'Task': memoryRequirement, vramRequirement, startupOverhead
src/scripts/run_experiments.ts(173,18): error TS2345: Argument of type '{ id: string; name: string; dataSize: number; computationIntensity: number; maxToleranceTime: number; expectedCompletionTime: number; terminalDeviceId: string; priority: number; }' is not assignable to parameter of type 'Task'.
  Type '{ id: string; name: string; dataSize: number; computationIntensity: number; maxToleranceTime: number; expectedCompletionTime: number; terminalDeviceId: string; priority: number; }' is missing the following properties from type 'Task': memoryRequirement, vramRequirement, startupOverhead
src/services/scheduler.service.ts(97,61): error TS2345: Argument of type '{ taskId: string; taskSize: number; taskType: number; priority: number; resourceLoad: number; }[]' is not assignable to parameter of type 'BatchPredictionItem[]'.
  Property 'startupOverhead' is missing in type '{ taskId: string; taskSize: number; taskType: number; priority: number; resourceLoad: number; }' but required in type 'BatchPredictionItem'.
src/services/scheduler.service.ts(151,9): error TS2345: Argument of type '{ taskSize: number; taskType: number; priority: number; resourceLoad: number; }' is not assignable to parameter of type 'PredictionRequest'.
  Property 'startupOverhead' is missing in type '{ taskSize: number; taskType: number; priority: number; resourceLoad: number; }' but required in type 'PredictionRequest'.
