﻿[32m[2026-03-11T16:29:38.168Z] [INFO] [task-scheduler-backend] Redis connected[0m
Registering Mock GPU Node...
Creating new AI task...
prisma:info Starting a postgresql pool with 17 connections.
Created task: 480d51ad-a8a5-48a0-90fb-8a2134887154
Triggering Scheduler...
[32m[2026-03-11T16:29:38.546Z] [INFO] [task-scheduler-backend] Batch predicting 5 (task,node) pairs[0m
prisma:error 
Invalid `prisma.task.update()` invocation in
C:\Users\shris\OneDrive\Desktop\PROJECT\backend\src\services\task.service.ts:114:24

  111 }
  112 
  113 async assignToResource(taskId: string, resourceId: string, predictedTime?: number) {
→ 114   return prisma.task.update(
Foreign key constraint violated: `Task_resourceId_fkey (index)`
node.exe : Test failed: PrismaClientKnownRequestError: 
At line:1 char:1
+ & "C:\Program Files\nodejs/node.exe" "C:\Program 
Files\nodejs/node_mo ...
+ ~~~~~~~~~~~~~~~~~~~~~~~~~~~~~~~~~~~~~~~~~~~~~~~~~~~~~
~~~~~~~~~~~~~~~~
    + CategoryInfo          : NotSpecified: (Test fail 
   ed: Pr...nRequestError: :String) [], RemoteExcepti  
  on
    + FullyQualifiedErrorId : NativeCommandError
 
Invalid `prisma.task.update()` invocation in
C:\Users\shris\OneDrive\Desktop\PROJECT\backend\src\ser
vices\task.service.ts:114:24

  111 }
  112 
  113 async assignToResource(taskId: string, 
resourceId: string, predictedTime?: number) {
→ 114   return prisma.task.update(
Foreign key constraint violated: `Task_resourceId_fkey 
(index)`
    at $n.handleRequestError (C:\Users\shris\OneDrive\D
esktop\PROJECT\backend\node_modules\@prisma\client\runt
ime\library.js:121:7315)
    at $n.handleAndLogRequestError (C:\Users\shris\OneD
rive\Desktop\PROJECT\backend\node_modules\@prisma\clien
t\runtime\library.js:121:6623)
    at $n.request (C:\Users\shris\OneDrive\Desktop\PROJ
ECT\backend\node_modules\@prisma\client\runtime\library
.js:121:6307)
    at async l (C:\Users\shris\OneDrive\Desktop\PROJECT
\backend\node_modules\@prisma\client\runtime\library.js
:130:9633)
    at async SchedulerService.scheduleTask (C:\Users\sh
ris\OneDrive\Desktop\PROJECT\backend\src\services\sched
uler.service.ts:189:5)
    at async SchedulerService.schedule (C:\Users\shris\
OneDrive\Desktop\PROJECT\backend\src\services\scheduler
.service.ts:108:22)
    at async runTest (C:\Users\shris\OneDrive\Desktop\P
ROJECT\backend\test_scheduler.ts:38:21) {
  code: 'P2003',
  clientVersion: '5.22.0',
  meta: { modelName: 'Task', field_name: 
'Task_resourceId_fkey (index)' }
}
